2026-02-19 09:41:17,969 [INFO] Fetching all Django GHSA advisories...
2026-02-19 09:41:20,021 [INFO] Cached 142 unique Django CVEs from GitHub.
2026-02-19 09:41:20,384 [INFO] Found 141 CVEs in Django archive.
2026-02-19 09:41:20,387 [INFO] [1/141] Processing CVE-2025-13473...
2026-02-19 09:41:20,927 [INFO] [2/141] Processing CVE-2025-14550...
2026-02-19 09:41:21,105 [INFO] [3/141] Processing CVE-2026-1207...
2026-02-19 09:41:21,294 [INFO] [4/141] Processing CVE-2026-1285...
2026-02-19 09:41:21,473 [INFO] [5/141] Processing CVE-2026-1287...
2026-02-19 09:41:21,693 [INFO] [6/141] Processing CVE-2026-1312...
2026-02-19 09:41:21,875 [INFO] [7/141] Processing CVE-2025-13372...
2026-02-19 09:41:22,789 [INFO] [8/141] Processing CVE-2025-64460...
2026-02-19 09:41:22,992 [INFO] [9/141] Processing CVE-2025-64458...
2026-02-19 09:41:23,602 [INFO] [10/141] Processing CVE-2025-64459...
2026-02-19 09:41:24,282 [INFO] [11/141] Processing CVE-2025-59681...
2026-02-19 09:41:24,789 [INFO] [12/141] Processing CVE-2025-59682...
2026-02-19 09:41:25,003 [INFO] [13/141] Processing CVE-2025-57833...
2026-02-19 09:41:25,508 [INFO] [14/141] Processing CVE-2025-48432...
2026-02-19 09:41:26,021 [INFO] [15/141] Processing CVE-2025-32873...
2026-02-19 09:41:26,539 [INFO] [16/141] Processing CVE-2025-27556...
2026-02-19 09:41:27,030 [INFO] [17/141] Processing CVE-2025-26699...
2026-02-19 09:41:27,535 [INFO] [18/141] Processing CVE-2024-56374...
2026-02-19 09:41:28,184 [INFO] [19/141] Processing CVE-2024-53907...
2026-02-19 09:41:28,678 [INFO] [20/141] Processing CVE-2024-53908...
2026-02-19 09:41:29,359 [INFO] [21/141] Processing CVE-2024-45231...
2026-02-19 09:41:29,887 [INFO] [22/141] Processing CVE-2024-45230...
2026-02-19 09:41:30,069 [INFO] [23/141] Processing CVE-2024-42005...
2026-02-19 09:41:30,573 [INFO] [24/141] Processing CVE-2024-41991...
2026-02-19 09:41:30,755 [INFO] [25/141] Processing CVE-2024-41990...
2026-02-19 09:41:30,935 [INFO] [26/141] Processing CVE-2024-41989...
2026-02-19 09:41:31,125 [INFO] [27/141] Processing CVE-2024-39614...
2026-02-19 09:41:31,533 [INFO] [28/141] Processing CVE-2024-39330...
2026-02-19 09:41:31,709 [INFO] [29/141] Processing CVE-2024-39329...
2026-02-19 09:41:31,925 [INFO] [30/141] Processing CVE-2024-38875...
2026-02-19 09:41:32,608 [INFO] [31/141] Processing CVE-2024-27351...
2026-02-19 09:41:33,110 [INFO] [32/141] Processing CVE-2024-24680...
2026-02-19 09:41:33,612 [INFO] [33/141] Processing CVE-2023-46695...
2026-02-19 09:41:34,405 [INFO] [34/141] Processing CVE-2023-43665...
2026-02-19 09:41:34,968 [INFO] [35/141] Processing CVE-2023-41164...
2026-02-19 09:41:35,470 [INFO] [36/141] Processing CVE-2023-36053...
2026-02-19 09:41:36,952 [INFO] [37/141] Processing CVE-2023-31047...
2026-02-19 09:41:37,585 [INFO] [38/141] Processing CVE-2023-24580...
2026-02-19 09:41:38,091 [INFO] [39/141] Processing CVE-2023-23969...
2026-02-19 09:41:38,601 [INFO] [40/141] Processing CVE-2022-41323...
2026-02-19 09:41:39,319 [INFO] [41/141] Processing CVE-2022-36359...
2026-02-19 09:41:39,685 [INFO] [42/141] Processing CVE-2022-34265...
2026-02-19 09:41:40,387 [INFO] [43/141] Processing CVE-2022-28346...
2026-02-19 09:41:40,930 [INFO] [44/141] Processing CVE-2022-28347...
2026-02-19 09:41:41,103 [INFO] [45/141] Processing CVE-2022-22818...
2026-02-19 09:41:41,597 [INFO] [46/141] Processing CVE-2022-23833...
2026-02-19 09:41:41,772 [INFO] [47/141] Processing CVE-2021-45452...
2026-02-19 09:41:42,279 [INFO] [48/141] Processing CVE-2021-45116...
2026-02-19 09:41:42,458 [INFO] [49/141] Processing CVE-2021-45115...
2026-02-19 09:41:42,736 [INFO] [50/141] Processing CVE-2021-44420...
2026-02-19 09:41:43,417 [INFO] [51/141] Processing CVE-2021-35042...
2026-02-19 09:41:43,594 [INFO] [52/141] Processing CVE-2021-33203...
2026-02-19 09:41:44,111 [INFO] [53/141] Processing CVE-2021-33571...
2026-02-19 09:41:44,285 [INFO] [54/141] Processing CVE-2021-32052...
2026-02-19 09:41:44,801 [INFO] [55/141] Processing CVE-2021-31542...
2026-02-19 09:41:45,585 [INFO] [56/141] Processing CVE-2021-28658...
2026-02-19 09:41:46,122 [INFO] [57/141] Processing CVE-2021-23336...
2026-02-19 09:41:46,304 [INFO] [58/141] Processing CVE-2021-3281...
2026-02-19 09:41:46,815 [INFO] [59/141] Processing CVE-2020-24584...
2026-02-19 09:41:47,402 [INFO] [60/141] Processing CVE-2020-24583...
2026-02-19 09:41:48,085 [INFO] [61/141] Processing CVE-2020-13596...
2026-02-19 09:41:48,615 [INFO] [62/141] Processing CVE-2020-13254...
2026-02-19 09:41:48,803 [INFO] [63/141] Processing CVE-2020-9402...
2026-02-19 09:41:49,423 [INFO] [64/141] Processing CVE-2020-7471...
2026-02-19 09:41:49,940 [INFO] [65/141] Processing CVE-2019-19844...
2026-02-19 09:41:50,476 [INFO] [66/141] Processing CVE-2019-19118...
2026-02-19 09:41:51,112 [INFO] [67/141] Processing CVE-2019-14235...
2026-02-19 09:41:51,513 [INFO] [68/141] Processing CVE-2019-14234...
2026-02-19 09:41:52,026 [INFO] [69/141] Processing CVE-2019-14233...
2026-02-19 09:41:52,203 [INFO] [70/141] Processing CVE-2019-14232...
2026-02-19 09:41:52,900 [INFO] [71/141] Processing CVE-2019-12781...
2026-02-19 09:41:53,406 [INFO] [72/141] Processing CVE-2019-12308...
2026-02-19 09:41:53,959 [INFO] [73/141] Processing CVE-2019-11358...
2026-02-19 09:41:54,172 [INFO] [74/141] Processing CVE-2019-6975...
2026-02-19 09:41:54,690 [INFO] [75/141] Processing CVE-2019-3498...
2026-02-19 09:41:55,200 [INFO] [76/141] Processing CVE-2018-16984...
2026-02-19 09:41:55,804 [INFO] [77/141] Processing CVE-2018-14574...
2026-02-19 09:41:56,359 [INFO] [78/141] Processing CVE-2018-7537...
2026-02-19 09:41:57,067 [INFO] [79/141] Processing CVE-2018-7536...
2026-02-19 09:41:57,250 [INFO] [80/141] Processing CVE-2018-6188...
2026-02-19 09:41:58,253 [INFO] [81/141] Processing CVE-2017-12794...
2026-02-19 09:41:58,813 [INFO] [82/141] Processing CVE-2017-7234...
2026-02-19 09:41:59,318 [INFO] [83/141] Processing CVE-2017-7233...
2026-02-19 09:41:59,495 [INFO] [84/141] Processing CVE-2016-9014...
2026-02-19 09:42:00,054 [INFO] [85/141] Processing CVE-2016-9013...
2026-02-19 09:42:00,408 [INFO] [86/141] Processing CVE-2016-7401...
2026-02-19 09:42:00,906 [INFO] [87/141] Processing CVE-2016-6186...
2026-02-19 09:42:01,411 [INFO] [88/141] Processing CVE-2016-2513...
2026-02-19 09:42:02,085 [INFO] [89/141] Processing CVE-2016-2512...
2026-02-19 09:42:04,210 [INFO] [90/141] Processing CVE-2016-2048...
2026-02-19 09:42:05,250 [INFO] [91/141] Processing CVE-2015-8213...
2026-02-19 09:42:05,760 [INFO] [92/141] Processing CVE-2015-5963...
2026-02-19 09:42:06,398 [INFO] [93/141] Processing CVE-2015-5145...
2026-02-19 09:42:06,915 [INFO] [94/141] Processing CVE-2015-5144...
2026-02-19 09:42:07,102 [INFO] [95/141] Processing CVE-2015-5143...
2026-02-19 09:42:07,287 [INFO] [96/141] Processing CVE-2015-3982...
2026-02-19 09:42:07,806 [INFO] [97/141] Processing CVE-2015-2317...
2026-02-19 09:42:08,498 [INFO] [98/141] Processing CVE-2015-2316...
2026-02-19 09:42:08,693 [INFO] [99/141] Processing CVE-2015-2241...
2026-02-19 09:42:09,195 [INFO] [100/141] Processing CVE-2015-0222...
2026-02-19 09:42:10,242 [INFO] [101/141] Processing CVE-2015-0221...
2026-02-19 09:42:10,422 [INFO] [102/141] Processing CVE-2015-0220...
2026-02-19 09:42:10,654 [INFO] [103/141] Processing CVE-2015-0219...
2026-02-19 09:42:10,831 [INFO] [104/141] Processing CVE-2014-0483...
2026-02-19 09:42:11,348 [INFO] [105/141] Processing CVE-2014-0482...
2026-02-19 09:42:11,525 [INFO] [106/141] Processing CVE-2014-0481...
2026-02-19 09:42:11,710 [INFO] [107/141] Processing CVE-2014-0480...
2026-02-19 09:42:11,894 [INFO] [108/141] Processing CVE-2014-3730...
2026-02-19 09:42:12,504 [INFO] [109/141] Processing CVE-2014-1418...
2026-02-19 09:42:12,679 [INFO] [110/141] Processing CVE-2014-0474...
2026-02-19 09:42:13,772 [INFO] [111/141] Processing CVE-2014-0473...
2026-02-19 09:42:14,070 [INFO] [112/141] Processing CVE-2014-0472...
2026-02-19 09:42:14,340 [INFO] [113/141] Processing CVE-2013-1443...
2026-02-19 09:42:14,876 [INFO] [114/141] Processing CVE-2013-4315...
2026-02-19 09:42:15,392 [INFO] [115/141] Processing CVE-2013-6044...
2026-02-19 09:42:15,915 [INFO] [116/141] Processing CVE-2013-4249...
2026-02-19 09:42:16,104 [INFO] [117/141] Processing CVE-2013-0306...
2026-02-19 09:42:16,614 [INFO] [118/141] Processing CVE-2013-0305...
2026-02-19 09:42:16,790 [INFO] [119/141] Processing CVE-2013-1664...
2026-02-19 09:42:16,967 [INFO] [120/141] Processing CVE-2012-4520...
2026-02-19 09:42:18,006 [INFO] [121/141] Processing CVE-2012-3444...
2026-02-19 09:42:18,735 [INFO] [122/141] Processing CVE-2012-3443...
2026-02-19 09:42:18,926 [INFO] [123/141] Processing CVE-2012-3442...
2026-02-19 09:42:19,104 [INFO] [124/141] Processing CVE-2011-4140...
2026-02-19 09:42:19,838 [INFO] [125/141] Processing CVE-2011-4139...
2026-02-19 09:42:20,032 [INFO] [126/141] Processing CVE-2011-4138...
2026-02-19 09:42:20,214 [INFO] [127/141] Processing CVE-2011-4137...
2026-02-19 09:42:20,512 [INFO] [128/141] Processing CVE-2011-4136...
2026-02-19 09:42:20,694 [INFO] [129/141] Processing CVE-2011-0698...
2026-02-19 09:42:20,870 [INFO] [130/141] Processing CVE-2011-0697...
2026-02-19 09:42:21,933 [INFO] [131/141] Processing CVE-2011-0696...
2026-02-19 09:42:22,141 [INFO] [132/141] Processing CVE-2010-4535...
2026-02-19 09:42:22,642 [INFO] [133/141] Processing CVE-2010-4534...
2026-02-19 09:42:22,830 [INFO] [134/141] Processing CVE-2010-3082...
2026-02-19 09:42:23,346 [INFO] [135/141] Processing CVE-2009-3695...
2026-02-19 09:42:23,528 [INFO] [136/141] Processing CVE-2009-2659...
2026-02-19 09:42:24,033 [INFO] [137/141] Processing CVE-2008-3909...
2026-02-19 09:42:24,577 [INFO] [138/141] Processing CVE-2008-2302...
2026-02-19 09:42:25,290 [INFO] [139/141] Processing CVE-2007-5712...
2026-02-19 09:42:25,614 [INFO] [140/141] Processing CVE-2007-0405...
2026-02-19 09:42:26,630 [INFO] [141/141] Processing CVE-2007-0404...
2026-02-19 09:42:27,158 [INFO] Done.
